     1                                  global SortContainer
     2                                  SortContainer:
     3                                  section .data
     4 00000000 25643A2000                  numFmt  db  "%d: ",0
     5                                  section .bss
     6 00000000 <res 00000008>              .pcont  resq    1   ; адрес контейнера
     7 00000008 <res 00000004>              .len    resd    1   ; адрес для сохранения числа введенных элементов
     8 0000000C <res 00000008>              .FILE   resq    1   ; указатель на файл
     9 00000014 <res 00000004>              .cntr   resd    1   ; вспомогательный счетчик
    10 00000018 <res 00000004>              .cntr2   resd    1   ; вспомогательный счетчик
    11 0000001C <res 00000004>              .ptr    resd    1   ; вспомогательный счетчик
    12                                  
    13                                  section .text
    14 00000000 55                      push rbp
    15 00000001 4889E5                  mov rbp, rsp
    16                                  
    17 00000004 48893C25[00000000]          mov [.pcont], rdi   ; сохраняется указатель на контейнер
    18 0000000C 893425[08000000]            mov [.len],   esi     ; сохраняется число элементов
    19 00000013 48891425[0C000000]          mov [.FILE],  rdx    ; сохраняется указатель на файл
    20 0000001B 8A0C25[08000000]        	mov cl, [.len]					;set cl with array length
    21 00000022 880C25[14000000]        	mov [.cntr],cl					;set this variable with array length
    22                                  
    23                                  	up1 :
    24                                  	mov rdi, [.pcont]						;Points to start
    24          ******************       error: symbol `up1.pcont' undefined
    25                                  	mov al, [.cntr]					;
    25          ******************       error: symbol `up1.cntr' undefined
    26                                  	mov bl, [.ptr]
    26          ******************       error: symbol `up1.ptr' undefined
    27 00000029 28D8                    	sub al, bl						; n-i (Rather to increase i, Decrements n)
    28                                  	mov [.cntr2], al					; j pointer in bubble sort
    28          ******************       error: symbol `up1.cntr2' undefined
    29                                  	up2:
    29          ******************       error: label `up2' changed during code generation [-w+error=label-redef-late]
    30 0000002B 8A07                    		mov al, [rdi]				;Get [j] in al
    31 0000002D 8A5F10                  		mov bl, [rdi+16]			;Get [j+1]in bl
    32 00000030 38D8                    		cmp al, bl
    33 00000032 7222                    		jb skip						;Compares
    34 00000034 884710                  		mov [rdi+16], al					;If larger swapped
    35 00000037 881F                    		mov [rdi], bl
    36                                  		skip:
    36          ******************       error: label `skip' changed during code generation [-w+error=label-redef-late]
    37 00000039 4883C710                		   add rdi, 16				;Else continues to next number
    38                                  		   sub [.cntr2], 16
    38          ******************       error: symbol `skip.cntr2' undefined
    39 0000003D 75EC                    		   jnz up2
    40                                  			
    41                                  	sub [.cntr], 16						;Decrements n (Rather to increase i)
    41          ******************       error: symbol `skip.cntr' undefined
    42 0000003F 75E8                    	jnz up1
    43 00000041 C3                      	ret
    44 00000042 C9                      leave
    45 00000043 C3                      ret
